>>> print_square = __import__('4-print_square').print_square
>>> print_square(4)
####
####
####
####
>>> print_square(0)
 
>>> print_square(-1)
Traceback (most recent call last):
...
ValueError: size must be >= 0
>>> print_square()
Traceback (most recent call last):
...
TypeError: print_square() missing 1 required positional argument: 'size'
>>> print_square(1)
#
>>> print_square("m")
Traceback (most recent call last):
...
TypeError: size must be an integer
>>> print_square(5.99999)
Traceback (most recent call last):
...
TypeError: size must be an integer
>>> print_square(float("inf"))
Traceback (most recent call last):
...
TypeError: size must be an integer
>>> from os import system
>>> system("pep8 4-print_square.py")
0
>>> len(__import__("4-print_square").print_square.__doc__) > 0
True
>>> len(__import__("4-print_square").__doc__) > 0
True
